// Vitest Snapshot v1, https://vitest.dev/guide/snapshot.html

exports[`Layout component > renders correctly with data 1`] = `
<div>
  <div
    class="slice--navbar"
  />
  <main>
    mock-children
  </main>
  <div
    class="slice--footer"
  />
</div>
`;
