// Vitest Snapshot v1, https://vitest.dev/guide/snapshot.html

exports[`Marketplace page > renders correctly 1`] = `
<main>
  <div
    class="pt-32 pb-12 overflow-hidden"
  >
    <div
      class="w-full relative"
    >
      <div
        class="absolute z-[-1] w-[2396px] h-[1340px] left-[23px] md:left-[112px] top-[21px] md:top-[171px] bg-[#410170] shadow-[0_0_400px_rgba(65,1,112,1)] rounded-full blur-[400px]"
      />
      <div
        class="absolute z-[-1] w-[1487px] h-[893px] left-[120px] md:left-[676px] top-[120px] md:top-[395px] bg-[#B62987] shadow-[0_0_400px_rgba(182,41,135,1)] rounded-full blur-[400px]"
      />
      <div
        class="absolute z-[-1] w-[688px] h-[446px] left-[400px] md:left-[1131px] top-[618px] bg-[#FE8492] shadow-[0_0_400px_rgba(254,132,146,1)] rounded-full blur-[400px]"
      />
    </div>
    <div
      class="mx-auto max-w-[832px] w-full px-6 lg:px-0 flex flex-col items-center justify-center"
    >
      <div
        class="self-stretch h-52 flex-col justify-center items-center gap-6 flex"
      >
        <div
          class="self-stretch h-32 flex-col justify-center items-center gap-4 flex"
        >
          <div
            class="justify-start items-center gap-3 inline-flex"
          >
            <svg
              fill="none"
              height="14"
              viewBox="0 0 14 14"
              width="14"
              xmlns="http://www.w3.org/2000/svg"
            >
              <rect
                fill="#FF1464"
                height="8"
                rx="2"
                width="8"
                x="3"
                y="3"
              />
              <rect
                height="11"
                rx="3.5"
                stroke="#FF1464"
                stroke-opacity="0.25"
                stroke-width="3"
                width="11"
                x="1.5"
                y="1.5"
              />
            </svg>
            <div
              class="text-rose-600 text-base font-bold leading-normal"
            >
              Marketplace
            </div>
          </div>
          <div
            class="self-stretch text-center text-white text-5xl lg:text-6xl font-semibold"
          >
            AdoptiumÂ® Marketplace
          </div>
        </div>
        <div
          class="self-stretch text-center text-grey text-grey-300 text-l font-normal leading-7"
        >
          Text
        </div>
      </div>
    </div>
  </div>
  <div
    class="space-x-5 py-3 mx-auto flex items-center justify-center"
  >
    <div
      class="relative inline-block text-left"
      data-headlessui-state=""
    >
      <div>
        <button
          aria-expanded="false"
          aria-haspopup="menu"
          class="inline-flex w-full justify-center gap-x-1.5 rounded-3xl text-white bg-transparent px-3 py-2 text-sm font-semibold text-gray-900 shadow-sm border-2 border-gray-700"
          data-headlessui-state=""
          id="headlessui-menu-button-:r0:"
          type="button"
        >
          Text
          <svg
            fill="currentColor"
            height="1em"
            stroke="currentColor"
            stroke-width="0"
            viewBox="0 0 448 512"
            width="1em"
            xmlns="http://www.w3.org/2000/svg"
          >
            <path
              d="M207.029 381.476L12.686 187.132c-9.373-9.373-9.373-24.569 0-33.941l22.667-22.667c9.357-9.357 24.522-9.375 33.901-.04L224 284.505l154.745-154.021c9.379-9.335 24.544-9.317 33.901.04l22.667 22.667c9.373 9.373 9.373 24.569 0 33.941L240.971 381.476c-9.373 9.372-24.569 9.372-33.942 0z"
            />
          </svg>
        </button>
      </div>
    </div>
    <div
      class="relative inline-block text-left"
      data-headlessui-state=""
    >
      <div>
        <button
          aria-expanded="false"
          aria-haspopup="menu"
          class="inline-flex w-full justify-center gap-x-1.5 rounded-3xl text-white bg-transparent px-3 py-2 text-sm font-semibold text-gray-900 shadow-sm border-2 border-gray-700"
          data-headlessui-state=""
          id="headlessui-menu-button-:r1:"
          type="button"
        >
          Text
          <svg
            fill="currentColor"
            height="1em"
            stroke="currentColor"
            stroke-width="0"
            viewBox="0 0 448 512"
            width="1em"
            xmlns="http://www.w3.org/2000/svg"
          >
            <path
              d="M207.029 381.476L12.686 187.132c-9.373-9.373-9.373-24.569 0-33.941l22.667-22.667c9.357-9.357 24.522-9.375 33.901-.04L224 284.505l154.745-154.021c9.379-9.335 24.544-9.317 33.901.04l22.667 22.667c9.373 9.373 9.373 24.569 0 33.941L240.971 381.476c-9.373 9.372-24.569 9.372-33.942 0z"
            />
          </svg>
        </button>
      </div>
    </div>
    <div
      class="relative inline-block text-left"
      data-headlessui-state=""
    >
      <div>
        <button
          aria-expanded="false"
          aria-haspopup="menu"
          class="inline-flex w-full justify-center gap-x-1.5 rounded-3xl text-white bg-transparent px-3 py-2 text-sm font-semibold text-gray-900 shadow-sm border-2 border-gray-700"
          data-headlessui-state=""
          id="headlessui-menu-button-:r2:"
          type="button"
        >
          Text
          <svg
            fill="currentColor"
            height="1em"
            stroke="currentColor"
            stroke-width="0"
            viewBox="0 0 448 512"
            width="1em"
            xmlns="http://www.w3.org/2000/svg"
          >
            <path
              d="M207.029 381.476L12.686 187.132c-9.373-9.373-9.373-24.569 0-33.941l22.667-22.667c9.357-9.357 24.522-9.375 33.901-.04L224 284.505l154.745-154.021c9.379-9.335 24.544-9.317 33.901.04l22.667 22.667c9.373 9.373 9.373 24.569 0 33.941L240.971 381.476c-9.373 9.372-24.569 9.372-33.942 0z"
            />
          </svg>
        </button>
      </div>
    </div>
    <div
      class="relative inline-block text-left"
      data-headlessui-state=""
    >
      <div>
        <button
          aria-expanded="false"
          aria-haspopup="menu"
          class="inline-flex w-full justify-center gap-x-1.5 rounded-3xl text-white bg-transparent px-3 py-2 text-sm font-semibold text-gray-900 shadow-sm border-2 border-gray-700"
          data-headlessui-state=""
          id="headlessui-menu-button-:r3:"
          type="button"
        >
          Text
          <svg
            fill="currentColor"
            height="1em"
            stroke="currentColor"
            stroke-width="0"
            viewBox="0 0 448 512"
            width="1em"
            xmlns="http://www.w3.org/2000/svg"
          >
            <path
              d="M207.029 381.476L12.686 187.132c-9.373-9.373-9.373-24.569 0-33.941l22.667-22.667c9.357-9.357 24.522-9.375 33.901-.04L224 284.505l154.745-154.021c9.379-9.335 24.544-9.317 33.901.04l22.667 22.667c9.373 9.373 9.373 24.569 0 33.941L240.971 381.476c-9.373 9.372-24.569 9.372-33.942 0z"
            />
          </svg>
        </button>
      </div>
    </div>
  </div>
  <ul
    class="vendor-list space-x-5 py-3 mx-auto flex items-center justify-center"
  >
    <li
      class="vendor-li"
      data-testid="li-adoptium"
    >
      <input
        checked=""
        class="vendor-name"
        data-testid="checkbox-adoptium"
        id="vendor-adoptium"
        readonly=""
        type="checkbox"
      />
      <label
        class="vendor-label"
        for="vendor-adoptium"
        title="Adoptium"
      >
        <img
          alt="Adoptium icon"
          src="/images/vendors/vendor-adoptium.png"
        />
      </label>
    </li>
  </ul>
  <table
    class="table table-bordered releases-table"
    id="download-table"
    style="border-spacing: 0 10px; border-collapse: separate;"
  >
    <thead
      class="table-dark"
    >
      <tr
        class="table-head"
      >
        <td
          class="table-head"
        >
          Text
        </td>
        <td
          class="table-head"
        >
          Text
        </td>
        <td
          class="table-head"
        >
          Text
        </td>
        <td
          class="table-head"
        >
          Text
        </td>
        <td
          class="table-head"
        >
          Text
        </td>
        <td
          class="table-head"
        >
          Text
        </td>
      </tr>
    </thead>
    <tbody
      class="table-light"
    >
      <tr />
    </tbody>
  </table>
  <div
    aria-hidden="true"
    aria-labelledby="checksumModalLabel"
    class="modal fade"
    id="checksumModal"
    style="z-index: 10000;"
    tabindex="-1"
  >
    <div
      class="modal-dialog modal-lg"
    >
      <div
        class="modal-content"
      >
        <div
          class="modal-header"
        >
          <h5
            class="modal-title"
            id="checksumModalLabel"
          >
            Checksum (SHA256)
          </h5>
          <button
            aria-label="Close"
            class="btn-close"
            data-bs-dismiss="modal"
            type="button"
          />
        </div>
        <div
          class="modal-body text-start"
        >
          <p>
            The checksum is used to ensure the file has not been corrupted during download. You should compare the checksum of the file you received with the value below to ensure the file you received is complete and unmodified.
          </p>
          <p>
            On Windows use
             
            <code>
              certUtil -hashfile 
              <var>
                file
              </var>
               SHA256
            </code>
            , on Linux use
             
            <code>
              sha256sum 
              <var>
                file
              </var>
            </code>
            , and on macOS use
             
            <code>
              shasum -a 256 
              <var>
                file
              </var>
            </code>
            .
          </p>
          <input
            readonly=""
            style="width: 100%;"
            value=""
          />
        </div>
        <div
          class="modal-footer"
        >
          <button
            class="btn btn-primary"
            type="button"
          >
            Copy
          </button>
          <button
            class="btn btn-secondary"
            data-bs-dismiss="modal"
            type="button"
          >
            Close
          </button>
        </div>
      </div>
    </div>
  </div>
</main>
`;
